/scratch/bcwg/Metabench/anaconda/envs/opencompass/bin/python3
