/u/zzhang27/.conda/envs/opencompass/bin/python3
All processes have been started and their PIDs stored in process_ids_gpt4o.txt.
All processes have completed.
