/scratch/bcwg/Metabench/anaconda/envs/opencompass/bin/python3
{'CUDA available': True,
 'CUDA_HOME': '/sw/spack/deltas11-2023-03/apps/linux-rhel8-zen3/gcc-11.4.0/cuda-11.8.0-vfixfmc',
 'GCC': 'gcc (Spack GCC) 11.4.0',
 'GPU 0,1,2,3': 'NVIDIA A100-SXM4-40GB',
 'MMEngine': '0.10.4',
 'MUSA available': False,
 'NVCC': 'Cuda compilation tools, release 11.8, V11.8.89',
 'OpenCV': '4.10.0',
 'PyTorch': '2.4.0',
 'PyTorch compiling details': 'PyTorch built with:\n'
                              '  - GCC 9.3\n'
                              '  - C++ Version: 201703\n'
                              '  - Intel(R) oneAPI Math Kernel Library Version '
                              '2023.1-Product Build 20230303 for Intel(R) 64 '
                              'architecture applications\n'
                              '  - Intel(R) MKL-DNN v3.4.2 (Git Hash '
                              '1137e04ec0b5251ca2b4400a4fd3c667ce843d67)\n'
                              '  - OpenMP 201511 (a.k.a. OpenMP 4.5)\n'
                              '  - LAPACK is enabled (usually provided by '
                              'MKL)\n'
                              '  - NNPACK is enabled\n'
                              '  - CPU capability usage: AVX2\n'
                              '  - CUDA Runtime 12.4\n'
                              '  - NVCC architecture flags: '
                              '-gencode;arch=compute_50,code=sm_50;-gencode;arch=compute_60,code=sm_60;-gencode;arch=compute_61,code=sm_61;-gencode;arch=compute_70,code=sm_70;-gencode;arch=compute_75,code=sm_75;-gencode;arch=compute_80,code=sm_80;-gencode;arch=compute_86,code=sm_86;-gencode;arch=compute_90,code=sm_90\n'
                              '  - CuDNN 90.1\n'
                              '  - Magma 2.6.1\n'
                              '  - Build settings: BLAS_INFO=mkl, '
                              'BUILD_TYPE=Release, CUDA_VERSION=12.4, '
                              'CUDNN_VERSION=9.1.0, '
                              'CXX_COMPILER=/opt/rh/devtoolset-9/root/usr/bin/c++, '
                              'CXX_FLAGS= -D_GLIBCXX_USE_CXX11_ABI=0 '
                              '-fabi-version=11 -fvisibility-inlines-hidden '
                              '-DUSE_PTHREADPOOL -DNDEBUG -DUSE_KINETO '
                              '-DLIBKINETO_NOROCTRACER -DUSE_FBGEMM '
                              '-DUSE_PYTORCH_QNNPACK -DUSE_XNNPACK '
                              '-DSYMBOLICATE_MOBILE_DEBUG_HANDLE -O2 -fPIC '
                              '-Wall -Wextra -Werror=return-type '
                              '-Werror=non-virtual-dtor -Werror=bool-operation '
                              '-Wnarrowing -Wno-missing-field-initializers '
                              '-Wno-type-limits -Wno-array-bounds '
                              '-Wno-unknown-pragmas -Wno-unused-parameter '
                              '-Wno-unused-function -Wno-unused-result '
                              '-Wno-strict-overflow -Wno-strict-aliasing '
                              '-Wno-stringop-overflow -Wsuggest-override '
                              '-Wno-psabi -Wno-error=pedantic '
                              '-Wno-error=old-style-cast -Wno-missing-braces '
                              '-fdiagnostics-color=always -faligned-new '
                              '-Wno-unused-but-set-variable '
                              '-Wno-maybe-uninitialized -fno-math-errno '
                              '-fno-trapping-math -Werror=format '
                              '-Wno-stringop-overflow, LAPACK_INFO=mkl, '
                              'PERF_WITH_AVX=1, PERF_WITH_AVX2=1, '
                              'PERF_WITH_AVX512=1, TORCH_VERSION=2.4.0, '
                              'USE_CUDA=ON, USE_CUDNN=ON, USE_CUSPARSELT=1, '
                              'USE_EXCEPTION_PTR=1, USE_GFLAGS=OFF, '
                              'USE_GLOG=OFF, USE_GLOO=ON, USE_MKL=ON, '
                              'USE_MKLDNN=ON, USE_MPI=OFF, USE_NCCL=ON, '
                              'USE_NNPACK=ON, USE_OPENMP=ON, USE_ROCM=OFF, '
                              'USE_ROCM_KERNEL_ASSERT=OFF, \n',
 'Python': '3.10.14 (main, May  6 2024, 19:42:50) [GCC 11.2.0]',
 'TorchVision': '0.19.0',
 'lmdeploy': "not installed:No module named 'lmdeploy'",
 'numpy_random_seed': 2147483648,
 'opencompass': '0.3.0+',
 'sys.platform': 'linux',
 'transformers': '4.44.0'}
All processes have been started and their PIDs stored in process_ids_gpt4o.txt.
All processes have completed.
